============================================================
ESTADO PHISHING MSG COLLECTOR
============================================================

Ultima revision exitosa : 2026-09-22T20:45:48Z
Elementos registrados   : 15
Descargados             : 15
Pendientes              : 0
Errores                 : 0
Conversiones correctas  : 8
============================================================
---HISTORY--- 
Fecha             Asunto                              Estado
------------------------------------------------------------------------
2026-09-21 21:04  [Reporte de Phishing] Convenio Ban  ERROR
2026-09-22 12:30  Re:                                 CONVERTIDO
2026-09-22 12:31  [Reporte de Phishing] Convenio Ban  ERROR
2026-09-22 13:10  Actualización de información de pa  CONVERTIDO
2026-09-22 13:30  [Reporte de Phishing] Contacto Cor  ERROR
2026-09-22 13:31  Cobranza + IA ¿lo dejamos para otr  CONVERTIDO
2026-09-22 13:50  IA APLICADA A LA PRODUCTIVIDAD      CONVERTIDO
2026-09-22 14:06  Email Quarantine                    CONVERTIDO
2026-09-22 13:58  ISP 134 años | Cierre de espacios   CONVERTIDO
2026-09-22 16:06  [Reporte de Phishing] DEUDA PREVIS  ERROR
2026-09-22 17:00  [Reporte de Phishing] t5kb0fl5.pdf  ERROR
2026-09-22 16:08  A marco antonio rodriguuez gonzale  CONVERTIDO
2026-09-22 19:29  IT leaders share how agentic AI tu  CONVERTIDO
2026-09-22 18:56  [Reporte de Phishing] Convenio Ban  ERROR
2026-09-22 20:39  [Reporte de Phishing] Convenio Ban  ERROR
